---
source: packages/switchy/schema/cli/tests/validate_simple_test.rs
expression: clean_output
---
Error: Migration(Io(Os { code: 2, kind: NotFound, message: "No such file or directory" }))
