---
source: packages/clippier/tests/business_logic_tests.rs
expression: parsed
---
packages: []
