---
source: packages/clippier/tests/business_logic_tests.rs
expression: configs
---
- dependencies: apt-get update && apt-get install -y build-essential
  env: "API_PORT=\"3000\""
  features:
    - default
    - server
  name: api
  nightly: false
  os: ubuntu
  path: /tmp/nix-shell-16502-0/.tmpKlYecm/packages/api
  requiredFeatures: ~
- env: "API_PORT=\"3000\"\nBIND_ADDR=\"127.0.0.1\""
  features:
    - default
    - server
  name: api
  nightly: false
  os: windows
  path: /tmp/nix-shell-16502-0/.tmpKlYecm/packages/api
  requiredFeatures: ~
- env: "API_PORT=\"3000\""
  features:
    - default
    - server
  name: api
  nightly: false
  os: macos
  path: /tmp/nix-shell-16502-0/.tmpKlYecm/packages/api
  requiredFeatures: ~
- ciSteps: "npm install\nnpm run build"
  dependencies: apt-get update && apt-get install -y nodejs npm
  env: "FRONTEND_BUILD=\"production\"\nWEB_PORT=\"8080\""
  features:
    - frontend
  name: frontend-build
  nightly: false
  os: ubuntu
  path: /tmp/nix-shell-16502-0/.tmpKlYecm/packages/web
  requiredFeatures: ~
- env: "WEB_PORT=\"8080\""
  features:
    - ssr
  name: frontend-build
  nightly: false
  os: ubuntu
  path: /tmp/nix-shell-16502-0/.tmpKlYecm/packages/web
  requiredFeatures: ~
- env: "FRONTEND_BUILD=\"production\"\nSSR_ENABLED=\"true\"\nWEB_PORT=\"8080\""
  features:
    - frontend
  name: ssr-build
  nightly: false
  os: ubuntu
  path: /tmp/nix-shell-16502-0/.tmpKlYecm/packages/web
  requiredFeatures: ~
- dependencies: apt-get update && apt-get install -y nodejs npm
  env: "SSR_ENABLED=\"true\"\nWEB_PORT=\"8080\""
  features:
    - ssr
  name: ssr-build
  nightly: false
  os: ubuntu
  path: /tmp/nix-shell-16502-0/.tmpKlYecm/packages/web
  requiredFeatures: ~
