---
source: packages/clippier/tests/command_tests.rs
expression: result
---
- features:
    - default
    - feature-a
    - feature-b
  gitSubmodules: true
  name: with-submodules
  nightly: false
  os: ubuntu
  path: "[TEMP_PATH]"
  requiredFeatures: ~
  runner: ubuntu-latest
- features:
    - default
    - feature-a
    - feature-b
  gitSubmodules: true
  name: with-submodules
  nightly: false
  os: macos
  path: "[TEMP_PATH]"
  requiredFeatures: ~
  runner: macos-latest
- features:
    - default
    - feature-a
    - feature-b
  gitSubmodules: true
  name: with-submodules
  nightly: false
  os: windows
  path: "[TEMP_PATH]"
  requiredFeatures: ~
  runner: windows-latest
