---
source: packages/clippier/tests/command_tests.rs
expression: test_data
---
chunked: 2
expected_chunks:
  - - server
  - - database
features:
  - server
  - database
package_name: api
spread: true
