---
source: packages/clippier/tests/command_tests.rs
expression: packages
---
- api
- cli
- core
- models
- shared-utils
- web
