---
source: packages/switchy/schema/test_utils/src/snapshots.rs
expression: snapshot
---
{
  "test_name": "data_migration_result",
  "migration_sequence": [
    "001_create_table",
    "002_add_column",
    "003_create_index"
  ],
  "schema": {
    "tables": {}
  },
  "data_samples": {
    "users": []
  }
}
