---
source: packages/switchy/schema/test_utils/src/snapshots.rs
expression: snapshot
---
{
  "test_name": "default_test",
  "migration_sequence": []
}
